// Jest Snapshot v1, https://goo.gl/fbAQLP

exports[`Should render TableElement 1`] = `
<tr
  className="table__row"
  onClick={[Function]}
>
  <td
    className="table__data"
  >
    339
  </td>
  <td
    className="table__data"
  >
    Susen
  </td>
  <td
    className="table__data"
  >
    Graham
  </td>
  <td
    className="table__data"
  >
    LNicholson@mi.org
  </td>
  <td
    className="table__data"
  >
    (220)920-9427
  </td>
</tr>
`;
